1:"$Sreact.fragment"
3:I[9766,[],""]
4:I[8924,[],""]
6:I[4431,[],"OutletBoundary"]
8:I[5278,[],"AsyncMetadataOutlet"]
a:I[4431,[],"ViewportBoundary"]
c:I[4431,[],"MetadataBoundary"]
d:"$Sreact.suspense"
f:I[7150,[],""]
:HL["/_next/static/media/48d80869c8866503-s.p.woff2","font",{"crossOrigin":"","type":"font/woff2"}]
:HL["/_next/static/media/de42cfb9a3b980ae-s.p.woff2","font",{"crossOrigin":"","type":"font/woff2"}]
:HL["/_next/static/css/39ee50e372628217.css","style"]
:HL["/_next/static/css/2d82b615fcca1590.css","style"]
0:{"P":null,"b":"uYrjxzMPkmNPtKEYd1ix6","p":"","c":["","api","errors"],"i":false,"f":[[["",{"children":[["mdxPath","api/errors","oc"],{"children":["__PAGE__",{}]}]},"$undefined","$undefined",true],["",["$","$1","c",{"children":[[["$","link","0",{"rel":"stylesheet","href":"/_next/static/css/39ee50e372628217.css","precedence":"next","crossOrigin":"$undefined","nonce":"$undefined"}],["$","link","1",{"rel":"stylesheet","href":"/_next/static/css/2d82b615fcca1590.css","precedence":"next","crossOrigin":"$undefined","nonce":"$undefined"}]],"$L2"]}],{"children":[["mdxPath","api/errors","oc"],["$","$1","c",{"children":[null,["$","$L3",null,{"parallelRouterKey":"children","error":"$undefined","errorStyles":"$undefined","errorScripts":"$undefined","template":["$","$L4",null,{}],"templateStyles":"$undefined","templateScripts":"$undefined","notFound":"$undefined","forbidden":"$undefined","unauthorized":"$undefined"}]]}],{"children":["__PAGE__",["$","$1","c",{"children":["$L5",null,["$","$L6",null,{"children":["$L7",["$","$L8",null,{"promise":"$@9"}]]}]]}],{},null,false]},null,false]},null,false],["$","$1","h",{"children":[null,[["$","$La",null,{"children":"$Lb"}],["$","meta",null,{"name":"next-size-adjust","content":""}]],["$","$Lc",null,{"children":["$","div",null,{"hidden":true,"children":["$","$d",null,{"fallback":null,"children":"$Le"}]}]}]]}],false]],"m":"$undefined","G":["$f",[]],"s":false,"S":true}
10:I[451,["545","static/chunks/c16f53c3-b8b233f8702d885b.js","514","static/chunks/514-b507e8c4319f5ff4.js","217","static/chunks/app/%5B%5B...mdxPath%5D%5D/page-e122b6a5dab671f4.js"],"ThemeConfigProvider"]
11:I[6149,["545","static/chunks/c16f53c3-b8b233f8702d885b.js","514","static/chunks/514-b507e8c4319f5ff4.js","217","static/chunks/app/%5B%5B...mdxPath%5D%5D/page-e122b6a5dab671f4.js"],"LastUpdated"]
12:I[3474,["545","static/chunks/c16f53c3-b8b233f8702d885b.js","514","static/chunks/514-b507e8c4319f5ff4.js","110","static/chunks/110-549bd23213b88652.js","177","static/chunks/app/layout-dd74af00df5dc5b2.js"],"Search"]
13:I[5379,["545","static/chunks/c16f53c3-b8b233f8702d885b.js","514","static/chunks/514-b507e8c4319f5ff4.js","110","static/chunks/110-549bd23213b88652.js","177","static/chunks/app/layout-dd74af00df5dc5b2.js"],"ThemeProvider"]
14:I[7272,["545","static/chunks/c16f53c3-b8b233f8702d885b.js","514","static/chunks/514-b507e8c4319f5ff4.js","217","static/chunks/app/%5B%5B...mdxPath%5D%5D/page-e122b6a5dab671f4.js"],"SkipNavLink"]
15:I[6810,["545","static/chunks/c16f53c3-b8b233f8702d885b.js","514","static/chunks/514-b507e8c4319f5ff4.js","217","static/chunks/app/%5B%5B...mdxPath%5D%5D/page-e122b6a5dab671f4.js"],"ConfigProvider"]
2:["$","html",null,{"lang":"en","dir":"ltr","className":"__variable_2d3e63 __variable_2ca027","suppressHydrationWarning":true,"children":[["$","head",null,{"children":[["$","meta",null,{"name":"theme-color","content":"#e8433a"}],["$","style",null,{"children":":root {\n  --nextra-primary-hue: 3deg;\n  --nextra-primary-saturation: 72%;\n  --nextra-primary-lightness: 45%;\n  --nextra-bg: 251,248,247;\n  --nextra-content-width: 90rem;\n}\n.dark {\n  --nextra-primary-hue: 3deg;\n  --nextra-primary-saturation: 72%;\n  --nextra-primary-lightness: 66%;\n  --nextra-bg: 24,20,18;\n}\n::selection {\n  background: hsla(var(--nextra-primary-hue),var(--nextra-primary-saturation),var(--nextra-primary-lightness),.3);\n}\nhtml {\n  background: rgb(var(--nextra-bg));\n}"}],["$","meta",null,{"name":"theme-color","media":"(prefers-color-scheme: light)","content":"rgb(251,248,247)"}],["$","meta",null,{"name":"theme-color","media":"(prefers-color-scheme: dark)","content":"rgb(24,20,18)"}],"$undefined"]}],["$","body",null,{"children":["$","$L10",null,{"value":{"copyPageButton":true,"darkMode":true,"docsRepositoryBase":"https://github.com/imaginepdf/imaginepdf-docs/tree/main","editLink":"Edit this page on GitHub","feedback":{"content":"Question? Give us feedback","labels":"documentation"},"i18n":[],"lastUpdated":["$","$L11",null,{}],"navigation":{"next":true,"prev":true},"search":["$","$L12",null,{}],"sidebar":{"autoCollapse":false,"defaultMenuCollapseLevel":1,"defaultOpen":true,"toggleButton":true},"themeSwitch":{"dark":"Dark","light":"Light","system":"System"},"toc":{"backToTop":"Back to top","float":true,"title":"On This Page"}},"children":["$","$L13",null,{"attribute":"class","defaultTheme":"system","disableTransitionOnChange":true,"storageKey":"theme","children":[["$","$L14",null,{}],"$undefined",["$","$L15",null,{"pageMap":[{"data":{"index":{"title":"Introduction"},"quickstart":{"title":"Quickstart"},"concepts":{"title":"Concepts"},"api":{"title":"API Reference"},"mcp":{"title":"MCP Server"},"plugin":{"title":"Claude Code Plugin"},"editor":{"title":"Visual Editor"}}},{"name":"index","route":"/","frontMatter":{"title":"Introduction","description":"ImaginePDF turns one designed template into PDFs at any volume — through a visual editor, a REST API, an MCP server, or Claude Code.","filePath":"content/index.mdx","timestamp":1782147127000},"title":"Introduction"},{"name":"quickstart","route":"/quickstart","frontMatter":{"title":"Quickstart","description":"Go from an API key to a generated PDF in a few minutes using the ImaginePDF REST API.","filePath":"content/quickstart.mdx","timestamp":1782147127000},"title":"Quickstart"},{"name":"concepts","route":"/concepts","children":[{"data":{"designs":{"title":"Designs"},"variables":{"title":"Variables"},"assets":{"title":"Assets"},"credits-and-plans":{"title":"Credits & plans"}}},{"name":"designs","route":"/concepts/designs","frontMatter":{"title":"Designs","description":"A design is a document layout — pages of positioned elements, authored with a catalog of actions.","filePath":"content/concepts/designs.mdx","timestamp":1782147127000},"title":"Designs"},{"name":"variables","route":"/concepts/variables","frontMatter":{"title":"Variables","description":"Bind elements to named fields so one template covers every customer, invoice, or certificate.","filePath":"content/concepts/variables.mdx","timestamp":1782147127000},"title":"Variables"},{"name":"assets","route":"/concepts/assets","frontMatter":{"title":"Assets & uploads","description":"How images are referenced in a design — the assets library vs uploads (programmatic) storage.","filePath":"content/concepts/assets.mdx","timestamp":1782147127000},"title":"Assets"},{"name":"credits-and-plans","route":"/concepts/credits-and-plans","frontMatter":{"title":"Credits & plans","description":"How PDF generation consumes credits, and which features your workspace plan gates.","filePath":"content/concepts/credits-and-plans.mdx","timestamp":1782147127000},"title":"Credits & plans"}],"title":"Concepts"},{"name":"api","route":"/api","children":[{"data":{"overview":{"title":"Overview"},"authentication":{"title":"Authentication"},"designs":{"title":"Designs"},"uploads":{"title":"Uploads"},"generate":{"title":"Generate a PDF"},"preview":{"title":"Preview"},"batch":{"title":"Batch generation"},"errors":{"title":"Errors"}}},{"name":"overview","route":"/api/overview","frontMatter":{"title":"API Overview","description":"Base URL, the request lifecycle, and the response envelope shared by every ImaginePDF endpoint.","filePath":"content/api/overview.mdx","timestamp":1782147127000},"title":"Overview"},{"name":"authentication","route":"/api/authentication","frontMatter":{"title":"Authentication","description":"ImaginePDF API requests authenticate with a workspace-scoped API key in the X-API-Key header.","filePath":"content/api/authentication.mdx","timestamp":1782147127000},"title":"Authentication"},{"name":"designs","route":"/api/designs","frontMatter":{"title":"Designs API","description":"Create, list, read, and update designs, and fetch the authoring action catalog.","filePath":"content/api/designs.mdx","timestamp":1782147127000},"title":"Designs"},{"name":"uploads","route":"/api/uploads","frontMatter":{"title":"Uploads API","description":"Upload an image (≤1 MB) and get an uploads:<id> ref to use in a design.","filePath":"content/api/uploads.mdx","timestamp":1782147127000},"title":"Uploads"},{"name":"generate","route":"/api/generate","frontMatter":{"title":"Generate a PDF","description":"Render a single PDF from a design, filling its variables, and get a temporary download URL.","filePath":"content/api/generate.mdx","timestamp":1782147127000},"title":"Generate a PDF"},{"name":"preview","route":"/api/preview","frontMatter":{"title":"Preview","description":"Render a single page of a design to a PNG for inspection — free, no credits consumed.","filePath":"content/api/preview.mdx","timestamp":1782147127000},"title":"Preview"},{"name":"batch","route":"/api/batch","frontMatter":{"title":"Batch generation","description":"Generate many PDFs from a dataset — one document per row — then poll and download the ZIP.","filePath":"content/api/batch.mdx","timestamp":1782147127000},"title":"Batch generation"},{"name":"errors","route":"/api/errors","frontMatter":{"title":"Errors","description":"The error envelope and the full table of error codes the ImaginePDF API returns.","filePath":"content/api/errors.mdx","timestamp":1782147127000},"title":"Errors"}],"title":"API Reference"},{"name":"mcp","route":"/mcp","children":[{"data":{"mcp-server":{"title":"Hosted MCP server"}}},{"name":"mcp-server","route":"/mcp/mcp-server","frontMatter":{"title":"Hosted MCP server","description":"Connect Claude, Cursor, or any MCP client to ImaginePDF and let it design and generate PDFs directly.","filePath":"content/mcp/mcp-server.mdx","timestamp":1782147127000},"title":"Hosted MCP server"}],"title":"MCP Server"},{"name":"plugin","route":"/plugin","children":[{"data":{"claude-code":{"title":"Claude Code plugin"}}},{"name":"claude-code","route":"/plugin/claude-code","frontMatter":{"title":"Claude Code plugin","description":"Create and generate ImaginePDF documents from your terminal with the imaginepdf Claude Code plugin.","filePath":"content/plugin/claude-code.mdx","timestamp":1782147127000},"title":"Claude Code plugin"}],"title":"Claude Code Plugin"},{"name":"editor","route":"/editor","children":[{"data":{"visual-editor":{"title":"Visual editor"}}},{"name":"visual-editor","route":"/editor/visual-editor","frontMatter":{"title":"Visual editor","description":"Compose documents on a canvas, bind fields, save designs, and generate PDFs interactively or in batch.","filePath":"content/editor/visual-editor.mdx","timestamp":1782147127000},"title":"Visual editor"}],"title":"Visual Editor"}],"navbar":"$L16","footer":"$L17","children":["$L18","$L19"]}]]}]}]}]]}]
1a:I[2619,["545","static/chunks/c16f53c3-b8b233f8702d885b.js","514","static/chunks/514-b507e8c4319f5ff4.js","217","static/chunks/app/%5B%5B...mdxPath%5D%5D/page-e122b6a5dab671f4.js"],""]
1b:I[7167,["545","static/chunks/c16f53c3-b8b233f8702d885b.js","514","static/chunks/514-b507e8c4319f5ff4.js","217","static/chunks/app/%5B%5B...mdxPath%5D%5D/page-e122b6a5dab671f4.js"],"ClientNavbar"]
1d:I[2363,["545","static/chunks/c16f53c3-b8b233f8702d885b.js","514","static/chunks/514-b507e8c4319f5ff4.js","217","static/chunks/app/%5B%5B...mdxPath%5D%5D/page-e122b6a5dab671f4.js"],"Switchers"]
1e:I[9421,["545","static/chunks/c16f53c3-b8b233f8702d885b.js","514","static/chunks/514-b507e8c4319f5ff4.js","217","static/chunks/app/%5B%5B...mdxPath%5D%5D/page-e122b6a5dab671f4.js"],"LocaleSwitch"]
1f:I[1085,["545","static/chunks/c16f53c3-b8b233f8702d885b.js","514","static/chunks/514-b507e8c4319f5ff4.js","217","static/chunks/app/%5B%5B...mdxPath%5D%5D/page-e122b6a5dab671f4.js"],"ThemeSwitch"]
20:I[2857,["545","static/chunks/c16f53c3-b8b233f8702d885b.js","514","static/chunks/514-b507e8c4319f5ff4.js","217","static/chunks/app/%5B%5B...mdxPath%5D%5D/page-e122b6a5dab671f4.js"],"MobileNav"]
1c:T481,M12 3C7.0275 3 3 7.12937 3 12.2276C3 16.3109 5.57625 19.7597 9.15374 20.9824C9.60374 21.0631 9.77249 20.7863 9.77249 20.5441C9.77249 20.3249 9.76125 19.5982 9.76125 18.8254C7.5 19.2522 6.915 18.2602 6.735 17.7412C6.63375 17.4759 6.19499 16.6569 5.8125 16.4378C5.4975 16.2647 5.0475 15.838 5.80124 15.8264C6.51 15.8149 7.01625 16.4954 7.18499 16.7723C7.99499 18.1679 9.28875 17.7758 9.80625 17.5335C9.885 16.9337 10.1212 16.53 10.38 16.2993C8.3775 16.0687 6.285 15.2728 6.285 11.7432C6.285 10.7397 6.63375 9.9092 7.20749 9.26326C7.1175 9.03257 6.8025 8.08674 7.2975 6.81794C7.2975 6.81794 8.05125 6.57571 9.77249 7.76377C10.4925 7.55615 11.2575 7.45234 12.0225 7.45234C12.7875 7.45234 13.5525 7.55615 14.2725 7.76377C15.9937 6.56418 16.7475 6.81794 16.7475 6.81794C17.2424 8.08674 16.9275 9.03257 16.8375 9.26326C17.4113 9.9092 17.76 10.7281 17.76 11.7432C17.76 15.2843 15.6563 16.0687 13.6537 16.2993C13.98 16.5877 14.2613 17.1414 14.2613 18.0065C14.2613 19.2407 14.25 20.2326 14.25 20.5441C14.25 20.7863 14.4188 21.0746 14.8688 20.9824C16.6554 20.364 18.2079 19.1866 19.3078 17.6162C20.4077 16.0457 20.9995 14.1611 21 12.2276C21 7.12937 16.9725 3 12 3Z16:["$","header",null,{"className":"nextra-navbar x:sticky x:top-0 x:z-30 x:w-full x:bg-transparent x:print:hidden x:max-md:[.nextra-banner:not([class$=hidden])~&]:top-(--nextra-banner-height)","children":[["$","div",null,{"className":"nextra-navbar-blur x:absolute x:-z-1 x:size-full nextra-border x:border-b x:backdrop-blur-md x:bg-nextra-bg/70"}],["$","nav",null,{"style":{"height":"var(--nextra-navbar-height)"},"className":"x:mx-auto x:flex x:max-w-(--nextra-content-width) x:items-center x:gap-4 x:pl-[max(env(safe-area-inset-left),1.5rem)] x:pr-[max(env(safe-area-inset-right),1.5rem)] x:justify-end","children":[["$","$L1a",null,{"href":"https://imaginepdf.com","className":"x:flex x:items-center x:me-auto x:transition-opacity x:focus-visible:nextra-focus x:hover:opacity-75","aria-label":"Home page","children":["$","span",null,{"aria-label":"ImaginePDF","style":{"display":"flex","alignItems":"center","gap":10},"children":[["$","img",null,{"src":"/brand/mark.svg","alt":"","width":30,"height":30}],["$","span",null,{"className":"ip-wordmark","children":["imagine",["$","span",null,{"style":{"color":"var(--brand)"},"children":"pdf"}]]}]]}]}],["$","$L1b",null,{"className":"","children":[["$","a",null,{"href":"https://github.com/imaginepdf/claude-imaginepdf","target":"_blank","rel":"noreferrer","children":[["$","svg",null,{"fill":"currentColor","viewBox":"3 3 18 18","height":"24","aria-label":"Project repository","children":["$","path",null,{"d":"$1c"}]}],false],"className":"x:focus-visible:nextra-focus"}],"$undefined",[["$","a",null,{"href":"https://imaginepdf.com/dashboard","style":{"fontSize":"0.875rem","fontWeight":600,"color":"var(--ink-body)","whiteSpace":"nowrap"},"children":"Dashboard"}],["$","a",null,{"href":"https://imaginepdf.com/register","style":{"fontFamily":"var(--font-display)","fontSize":"0.875rem","fontWeight":700,"color":"#fff","background":"var(--brand)","padding":"0.4rem 0.85rem","borderRadius":8,"whiteSpace":"nowrap"},"children":"Start free"}]]]}]]}]]}]
17:["$","div",null,{"className":"x:bg-gray-100 x:pb-[env(safe-area-inset-bottom)] x:dark:bg-neutral-900 x:print:bg-transparent","children":[["$","$L1d",null,{"children":["$","div",null,{"className":"x:mx-auto x:flex x:max-w-(--nextra-content-width) x:gap-2 x:py-2 x:px-4","children":[["$","$L1e",null,{}],["$","$L1f",null,{}]]}]}],["$","hr",null,{"className":"nextra-border"}],["$","footer",null,{"className":"x:mx-auto x:flex x:max-w-(--nextra-content-width) x:justify-center x:py-12 x:text-gray-600 x:dark:text-gray-400 x:md:justify-start x:pl-[max(env(safe-area-inset-left),1.5rem)] x:pr-[max(env(safe-area-inset-right),1.5rem)]","children":["$","div",null,{"style":{"display":"flex","flexWrap":"wrap","alignItems":"center","justifyContent":"space-between","gap":"1rem","width":"100%","fontSize":"0.875rem"},"children":[["$","span",null,{"style":{"display":"flex","alignItems":"center","gap":8},"children":[["$","img",null,{"src":"/brand/mark.svg","alt":"","width":20,"height":20}],["$","span",null,{"style":{"color":"var(--ink-muted)"},"children":["© ",2026," ImaginePDF"]}]]}],["$","span",null,{"style":{"display":"flex","flexWrap":"wrap","gap":"1.25rem"},"children":[["$","a","https://imaginepdf.com",{"href":"https://imaginepdf.com","style":{"color":"var(--ink-body)"},"children":"Product"}],["$","a","https://imaginepdf.com/templates",{"href":"https://imaginepdf.com/templates","style":{"color":"var(--ink-body)"},"children":"Templates"}],["$","a","https://imaginepdf.com/pricing",{"href":"https://imaginepdf.com/pricing","style":{"color":"var(--ink-body)"},"children":"Pricing"}],["$","a","https://imaginepdf.com/blog",{"href":"https://imaginepdf.com/blog","style":{"color":"var(--ink-body)"},"children":"Developer blog"}],["$","a","https://github.com/imaginepdf/claude-imaginepdf",{"href":"https://github.com/imaginepdf/claude-imaginepdf","style":{"color":"var(--ink-body)"},"children":"Claude Code plugin"}]]}]]}]}]]}]
18:["$","$L20",null,{}]
19:["$","$L3",null,{"parallelRouterKey":"children","error":"$undefined","errorStyles":"$undefined","errorScripts":"$undefined","template":["$","$L4",null,{}],"templateStyles":"$undefined","templateScripts":"$undefined","notFound":[[["$","title",null,{"children":"404: This page could not be found."}],["$","div",null,{"style":{"fontFamily":"system-ui,\"Segoe UI\",Roboto,Helvetica,Arial,sans-serif,\"Apple Color Emoji\",\"Segoe UI Emoji\"","height":"100vh","textAlign":"center","display":"flex","flexDirection":"column","alignItems":"center","justifyContent":"center"},"children":["$","div",null,{"children":[["$","style",null,{"dangerouslySetInnerHTML":{"__html":"body{color:#000;background:#fff;margin:0}.next-error-h1{border-right:1px solid rgba(0,0,0,.3)}@media (prefers-color-scheme:dark){body{color:#fff;background:#000}.next-error-h1{border-right:1px solid rgba(255,255,255,.3)}}"}}],["$","h1",null,{"className":"next-error-h1","style":{"display":"inline-block","margin":"0 20px 0 0","padding":"0 23px 0 0","fontSize":24,"fontWeight":500,"verticalAlign":"top","lineHeight":"49px"},"children":404}],["$","div",null,{"style":{"display":"inline-block"},"children":["$","h2",null,{"style":{"fontSize":14,"fontWeight":400,"lineHeight":"49px","margin":0},"children":"This page could not be found."}]}]]}]}]],[]],"forbidden":"$undefined","unauthorized":"$undefined"}]
21:I[8221,["545","static/chunks/c16f53c3-b8b233f8702d885b.js","514","static/chunks/514-b507e8c4319f5ff4.js","217","static/chunks/app/%5B%5B...mdxPath%5D%5D/page-e122b6a5dab671f4.js"],"TOCProvider"]
22:I[2857,["545","static/chunks/c16f53c3-b8b233f8702d885b.js","514","static/chunks/514-b507e8c4319f5ff4.js","217","static/chunks/app/%5B%5B...mdxPath%5D%5D/page-e122b6a5dab671f4.js"],"Sidebar"]
23:I[825,["545","static/chunks/c16f53c3-b8b233f8702d885b.js","514","static/chunks/514-b507e8c4319f5ff4.js","217","static/chunks/app/%5B%5B...mdxPath%5D%5D/page-e122b6a5dab671f4.js"],"ClientWrapper"]
24:I[3692,["545","static/chunks/c16f53c3-b8b233f8702d885b.js","514","static/chunks/514-b507e8c4319f5ff4.js","217","static/chunks/app/%5B%5B...mdxPath%5D%5D/page-e122b6a5dab671f4.js"],"ToggleWordWrapButton"]
5:["$","div",null,{"className":"x:mx-auto x:flex x:max-w-(--nextra-content-width)","children":["$","$L21",null,{"value":[{"value":"Error codes","id":"error-codes","depth":2},{"value":"Handling errors well","id":"handling-errors-well","depth":2}],"children":[["$","$L22",null,{}],["$","$L23",null,{"metadata":{"title":"Errors","description":"The error envelope and the full table of error codes the ImaginePDF API returns.","filePath":"content/api/errors.mdx","timestamp":1782147127000},"bottomContent":"$undefined","sourceCode":"$undefined","children":[["$","div",null,{"id":"nextra-skip-nav"}],["$","main",null,{"data-pagefind-body":true,"children":[["$","h1",null,{"id":"$undefined","className":"x:tracking-tight x:text-slate-900 x:dark:text-slate-100 x:font-bold x:mt-2 x:text-4xl","children":["Errors","$undefined"]}],"\n",["$","p",null,{"className":"x:not-first:mt-[1.25em] x:leading-7","children":["When a request fails, the API returns the standard envelope with ",["$","code",null,{"className":"nextra-code","dir":"ltr","children":"status: \"error\""}],", a ",["$","code",null,{"className":"nextra-code","dir":"ltr","children":"null"}]," ",["$","code",null,{"className":"nextra-code","dir":"ltr","children":"data"}],", and an ",["$","code",null,{"className":"nextra-code","dir":"ltr","children":"error"}]," object carrying a stable ",["$","code",null,{"className":"nextra-code","dir":"ltr","children":"code"}]," and a\nhuman-readable ",["$","code",null,{"className":"nextra-code","dir":"ltr","children":"message"}],":"]}],"\n",["$","div",null,{"data-pagefind-ignore":"all","className":"nextra-code x:relative x:not-first:mt-[1.25em]","children":["$undefined",["$","pre",null,{"className":"x:group x:focus-visible:nextra-focus x:overflow-x-auto x:subpixel-antialiased x:text-[.9em] x:bg-white x:dark:bg-black x:py-4 x:ring-1 x:ring-inset x:ring-gray-300 x:dark:ring-neutral-700 x:contrast-more:ring-gray-900 x:contrast-more:dark:ring-gray-50 x:contrast-more:contrast-150 x:rounded-md not-prose","tabIndex":"0","children":[["$","div",null,{"className":"x:group-hover:opacity-100 x:group-focus:opacity-100 x:opacity-0 x:transition x:focus-within:opacity-100 x:flex x:gap-1 x:absolute x:right-4 x:top-2","children":[["$","$L24",null,{"children":["$","svg",null,{"viewBox":"0 0 24 24","fill":"currentColor","height":"1em","children":["$","path",null,{"d":"M4 19h6v-2H4v2zM20 5H4v2h16V5zm-3 6H4v2h13.25c1.1 0 2 .9 2 2s-.9 2-2 2H15v-2l-3 3l3 3v-2h2c2.21 0 4-1.79 4-4s-1.79-4-4-4z"}]}]}],false]}],["$","code",null,{"className":"nextra-code","dir":"ltr","children":[["$","span",null,{"children":["$","span",null,{"style":{"--shiki-light":"#24292E","--shiki-dark":"#E1E4E8"},"children":"{"}]}],"\n",["$","span",null,{"children":[["$","span",null,{"style":{"--shiki-light":"#005CC5","--shiki-dark":"#79B8FF"},"children":"  \"status\""}],["$","span",null,{"style":{"--shiki-light":"#24292E","--shiki-dark":"#E1E4E8"},"children":": "}],["$","span",null,{"style":{"--shiki-light":"#032F62","--shiki-dark":"#9ECBFF"},"children":"\"error\""}],["$","span",null,{"style":{"--shiki-light":"#24292E","--shiki-dark":"#E1E4E8"},"children":","}]]}],"\n",["$","span",null,{"children":[["$","span",null,{"style":{"--shiki-light":"#005CC5","--shiki-dark":"#79B8FF"},"children":"  \"data\""}],["$","span",null,{"style":{"--shiki-light":"#24292E","--shiki-dark":"#E1E4E8"},"children":": "}],["$","span",null,{"style":{"--shiki-light":"#005CC5","--shiki-dark":"#79B8FF"},"children":"null"}],["$","span",null,{"style":{"--shiki-light":"#24292E","--shiki-dark":"#E1E4E8"},"children":","}]]}],"\n",["$","span",null,{"children":[["$","span",null,{"style":{"--shiki-light":"#005CC5","--shiki-dark":"#79B8FF"},"children":"  \"error\""}],["$","span",null,{"style":{"--shiki-light":"#24292E","--shiki-dark":"#E1E4E8"},"children":": {"}]]}],"\n",["$","span",null,{"children":[["$","span",null,{"style":{"--shiki-light":"#005CC5","--shiki-dark":"#79B8FF"},"children":"    \"code\""}],["$","span",null,{"style":{"--shiki-light":"#24292E","--shiki-dark":"#E1E4E8"},"children":": "}],["$","span",null,{"style":{"--shiki-light":"#032F62","--shiki-dark":"#9ECBFF"},"children":"\"INSUFFICIENT_CREDITS\""}],["$","span",null,{"style":{"--shiki-light":"#24292E","--shiki-dark":"#E1E4E8"},"children":","}]]}],"\n",["$","span",null,{"children":[["$","span",null,{"style":{"--shiki-light":"#005CC5","--shiki-dark":"#79B8FF"},"children":"    \"message\""}],["$","span",null,{"style":{"--shiki-light":"#24292E","--shiki-dark":"#E1E4E8"},"children":": "}],["$","span",null,{"style":{"--shiki-light":"#032F62","--shiki-dark":"#9ECBFF"},"children":"\"Workspace does not have enough credits.\""}]]}],"\n","$L25","\n","$L26"]}]]}]]}],"\n","$L27","\n","$L28","\n","$L29","\n","$L2a","\n","$L2b"]}]]}]]}]}]
2c:I[9114,["545","static/chunks/c16f53c3-b8b233f8702d885b.js","514","static/chunks/514-b507e8c4319f5ff4.js","217","static/chunks/app/%5B%5B...mdxPath%5D%5D/page-e122b6a5dab671f4.js"],"HeadingAnchor"]
25:["$","span",null,{"children":["$","span",null,{"style":{"--shiki-light":"#24292E","--shiki-dark":"#E1E4E8"},"children":"  }"}]}]
26:["$","span",null,{"children":["$","span",null,{"style":{"--shiki-light":"#24292E","--shiki-dark":"#E1E4E8"},"children":"}"}]}]
27:["$","div",null,{"className":"nextra-callout x:overflow-x-auto x:not-first:mt-[1.25em] x:flex x:rounded-lg x:border x:py-[.5em] x:pe-[1em] x:contrast-more:border-current! x:bg-blue-100 x:dark:bg-blue-900/30 x:text-blue-700 x:dark:text-blue-400 x:border-blue-700 x:dark:border-blue-600","children":[["$","div",null,{"className":"x:select-none x:text-[1.25em] x:ps-[.6em] x:pe-[.4em]","style":{"fontFamily":"\"Apple Color Emoji\", \"Segoe UI Emoji\", \"Segoe UI Symbol\""},"data-pagefind-ignore":"all","children":["$","svg",null,{"viewBox":"0 0 16 16","fill":"currentColor","height":".8em","className":"x:mt-[.3em]","children":["$","path",null,{"d":"M0 8a8 8 0 1 1 16 0A8 8 0 0 1 0 8Zm8-6.5a6.5 6.5 0 1 0 0 13 6.5 6.5 0 0 0 0-13ZM6.5 7.75A.75.75 0 0 1 7.25 7h1a.75.75 0 0 1 .75.75v2.75h.25a.75.75 0 0 1 0 1.5h-2a.75.75 0 0 1 0-1.5h.25v-2h-.25a.75.75 0 0 1-.75-.75ZM8 6a1 1 0 1 1 0-2 1 1 0 0 1 0 2Z"}]}]}],["$","div",null,{"className":"x:w-full x:min-w-0","children":["$","p",null,{"className":"x:not-first:mt-[1.25em] x:leading-7","children":["Branch your code on the HTTP status and ",["$","code",null,{"className":"nextra-code","dir":"ltr","children":"error.code"}],". The ",["$","code",null,{"className":"nextra-code","dir":"ltr","children":"message"}]," is for\nhumans and may change; the ",["$","code",null,{"className":"nextra-code","dir":"ltr","children":"code"}]," is part of the contract."]}]}]]}]
28:["$","h2",null,{"id":"error-codes","className":"x:tracking-tight x:text-slate-900 x:dark:text-slate-100 x:font-semibold x:target:animate-[fade-in_1.5s] x:mt-10 x:border-b x:pb-1 x:text-3xl nextra-border","children":["Error codes",["$","$L2c",null,{"id":"error-codes"}]]}]
29:["$","table",null,{"className":"x:block x:overflow-x-auto nextra-scrollbar x:not-first:mt-[1.25em] x:p-0","children":[["$","thead",null,{"children":["$","tr",null,{"children":[["$","th",null,{"children":"HTTP","className":"x:m-0 x:border x:border-gray-300 x:px-4 x:py-2 x:font-semibold x:dark:border-gray-600"}],["$","th",null,{"children":["$","code",null,{"className":"nextra-code","dir":"ltr","children":"error.code"}],"className":"x:m-0 x:border x:border-gray-300 x:px-4 x:py-2 x:font-semibold x:dark:border-gray-600"}],["$","th",null,{"children":"When","className":"x:m-0 x:border x:border-gray-300 x:px-4 x:py-2 x:font-semibold x:dark:border-gray-600"}]],"className":"x:m-0 x:border-t x:border-gray-300 x:p-0 x:dark:border-gray-600 x:even:bg-gray-100 x:even:dark:bg-gray-600/20"}]}],["$","tbody",null,{"children":[["$","tr",null,{"children":[["$","td",null,{"children":"400","className":"x:m-0 x:border x:border-gray-300 x:px-4 x:py-2 x:dark:border-gray-600"}],["$","td",null,{"children":["$","code",null,{"className":"nextra-code","dir":"ltr","children":"VALIDATION_ERROR"}],"className":"x:m-0 x:border x:border-gray-300 x:px-4 x:py-2 x:dark:border-gray-600"}],["$","td",null,{"children":"Request failed schema validation.","className":"x:m-0 x:border x:border-gray-300 x:px-4 x:py-2 x:dark:border-gray-600"}]],"className":"x:m-0 x:border-t x:border-gray-300 x:p-0 x:dark:border-gray-600 x:even:bg-gray-100 x:even:dark:bg-gray-600/20"}],["$","tr",null,{"children":[["$","td",null,{"children":"400","className":"x:m-0 x:border x:border-gray-300 x:px-4 x:py-2 x:dark:border-gray-600"}],["$","td",null,{"children":["$","code",null,{"className":"nextra-code","dir":"ltr","children":"INVALID_INPUT"}],"className":"x:m-0 x:border x:border-gray-300 x:px-4 x:py-2 x:dark:border-gray-600"}],["$","td",null,{"children":"A field value is not acceptable.","className":"x:m-0 x:border x:border-gray-300 x:px-4 x:py-2 x:dark:border-gray-600"}]],"className":"x:m-0 x:border-t x:border-gray-300 x:p-0 x:dark:border-gray-600 x:even:bg-gray-100 x:even:dark:bg-gray-600/20"}],["$","tr",null,{"children":[["$","td",null,{"children":"400","className":"x:m-0 x:border x:border-gray-300 x:px-4 x:py-2 x:dark:border-gray-600"}],["$","td",null,{"children":["$","code",null,{"className":"nextra-code","dir":"ltr","children":"MISSING_REQUIRED_FIELD"}],"className":"x:m-0 x:border x:border-gray-300 x:px-4 x:py-2 x:dark:border-gray-600"}],["$","td",null,{"children":"A required field or query param is absent.","className":"x:m-0 x:border x:border-gray-300 x:px-4 x:py-2 x:dark:border-gray-600"}]],"className":"x:m-0 x:border-t x:border-gray-300 x:p-0 x:dark:border-gray-600 x:even:bg-gray-100 x:even:dark:bg-gray-600/20"}],["$","tr",null,{"children":[["$","td",null,{"children":"401","className":"x:m-0 x:border x:border-gray-300 x:px-4 x:py-2 x:dark:border-gray-600"}],["$","td",null,{"children":["$","code",null,{"className":"nextra-code","dir":"ltr","children":"UNAUTHORIZED"}],"className":"x:m-0 x:border x:border-gray-300 x:px-4 x:py-2 x:dark:border-gray-600"}],["$","td",null,{"children":"No credential supplied.","className":"x:m-0 x:border x:border-gray-300 x:px-4 x:py-2 x:dark:border-gray-600"}]],"className":"x:m-0 x:border-t x:border-gray-300 x:p-0 x:dark:border-gray-600 x:even:bg-gray-100 x:even:dark:bg-gray-600/20"}],["$","tr",null,{"children":[["$","td",null,{"children":"401","className":"x:m-0 x:border x:border-gray-300 x:px-4 x:py-2 x:dark:border-gray-600"}],["$","td",null,{"children":["$","code",null,{"className":"nextra-code","dir":"ltr","children":"INVALID_API_KEY"}],"className":"x:m-0 x:border x:border-gray-300 x:px-4 x:py-2 x:dark:border-gray-600"}],["$","td",null,{"children":"API key is malformed or unknown.","className":"x:m-0 x:border x:border-gray-300 x:px-4 x:py-2 x:dark:border-gray-600"}]],"className":"x:m-0 x:border-t x:border-gray-300 x:p-0 x:dark:border-gray-600 x:even:bg-gray-100 x:even:dark:bg-gray-600/20"}],["$","tr",null,{"children":[["$","td",null,{"children":"401","className":"x:m-0 x:border x:border-gray-300 x:px-4 x:py-2 x:dark:border-gray-600"}],"$L2d","$L2e"],"className":"x:m-0 x:border-t x:border-gray-300 x:p-0 x:dark:border-gray-600 x:even:bg-gray-100 x:even:dark:bg-gray-600/20"}],"$L2f","$L30","$L31","$L32","$L33","$L34","$L35","$L36","$L37","$L38","$L39","$L3a","$L3b","$L3c"]}]]}]
2a:["$","h2",null,{"id":"handling-errors-well","className":"x:tracking-tight x:text-slate-900 x:dark:text-slate-100 x:font-semibold x:target:animate-[fade-in_1.5s] x:mt-10 x:border-b x:pb-1 x:text-3xl nextra-border","children":["Handling errors well",["$","$L2c",null,{"id":"handling-errors-well"}]]}]
2b:["$","ul",null,{"className":"x:[:is(ol,ul)_&]:my-[.75em] x:not-first:mt-[1.25em] x:list-disc x:ms-[1.5em]","children":["\n",["$","li",null,{"className":"x:my-[.5em]","children":[["$","strong",null,{"children":"Retry"}]," ",["$","code",null,{"className":"nextra-code","dir":"ltr","children":"5xx"}]," responses with backoff; they are usually transient."]}],"\n",["$","li",null,{"className":"x:my-[.5em]","children":[["$","strong",null,{"children":"Do not retry"}]," ",["$","code",null,{"className":"nextra-code","dir":"ltr","children":"400"}],"/",["$","code",null,{"className":"nextra-code","dir":"ltr","children":"401"}],"/",["$","code",null,{"className":"nextra-code","dir":"ltr","children":"403"}],"/",["$","code",null,{"className":"nextra-code","dir":"ltr","children":"404"}]," without changing the request — they\nare deterministic."]}],"\n",["$","li",null,{"className":"x:my-[.5em]","children":["On ",["$","code",null,{"className":"nextra-code","dir":"ltr","children":"402 INSUFFICIENT_CREDITS"}],", surface a top-up prompt rather than retrying."]}],"\n",["$","li",null,{"className":"x:my-[.5em]","children":["On ",["$","code",null,{"className":"nextra-code","dir":"ltr","children":"401 API_KEY_EXPIRED"}]," or ",["$","code",null,{"className":"nextra-code","dir":"ltr","children":"INVALID_API_KEY"}],", rotate the key — see\n",["$","$L1a",null,{"href":"/api/authentication","prefetch":"$undefined","className":"x:focus-visible:nextra-focus x:text-primary-600 x:underline x:hover:no-underline x:decoration-from-font x:[text-underline-position:from-font]","children":"Authentication"}],"."]}],"\n"]}]
2d:["$","td",null,{"children":["$","code",null,{"className":"nextra-code","dir":"ltr","children":"API_KEY_EXPIRED"}],"className":"x:m-0 x:border x:border-gray-300 x:px-4 x:py-2 x:dark:border-gray-600"}]
2e:["$","td",null,{"children":"API key passed its expiration date.","className":"x:m-0 x:border x:border-gray-300 x:px-4 x:py-2 x:dark:border-gray-600"}]
2f:["$","tr",null,{"children":[["$","td",null,{"children":"401","className":"x:m-0 x:border x:border-gray-300 x:px-4 x:py-2 x:dark:border-gray-600"}],["$","td",null,{"children":["$","code",null,{"className":"nextra-code","dir":"ltr","children":"INVALID_TOKEN"}],"className":"x:m-0 x:border x:border-gray-300 x:px-4 x:py-2 x:dark:border-gray-600"}],["$","td",null,{"children":"Bearer token is invalid (browser path).","className":"x:m-0 x:border x:border-gray-300 x:px-4 x:py-2 x:dark:border-gray-600"}]],"className":"x:m-0 x:border-t x:border-gray-300 x:p-0 x:dark:border-gray-600 x:even:bg-gray-100 x:even:dark:bg-gray-600/20"}]
30:["$","tr",null,{"children":[["$","td",null,{"children":"401","className":"x:m-0 x:border x:border-gray-300 x:px-4 x:py-2 x:dark:border-gray-600"}],["$","td",null,{"children":["$","code",null,{"className":"nextra-code","dir":"ltr","children":"TOKEN_EXPIRED"}],"className":"x:m-0 x:border x:border-gray-300 x:px-4 x:py-2 x:dark:border-gray-600"}],["$","td",null,{"children":"Bearer token expired (browser path).","className":"x:m-0 x:border x:border-gray-300 x:px-4 x:py-2 x:dark:border-gray-600"}]],"className":"x:m-0 x:border-t x:border-gray-300 x:p-0 x:dark:border-gray-600 x:even:bg-gray-100 x:even:dark:bg-gray-600/20"}]
31:["$","tr",null,{"children":[["$","td",null,{"children":"402","className":"x:m-0 x:border x:border-gray-300 x:px-4 x:py-2 x:dark:border-gray-600"}],["$","td",null,{"children":["$","code",null,{"className":"nextra-code","dir":"ltr","children":"PAYMENT_REQUIRED"}],"className":"x:m-0 x:border x:border-gray-300 x:px-4 x:py-2 x:dark:border-gray-600"}],["$","td",null,{"children":"Payment is required to proceed.","className":"x:m-0 x:border x:border-gray-300 x:px-4 x:py-2 x:dark:border-gray-600"}]],"className":"x:m-0 x:border-t x:border-gray-300 x:p-0 x:dark:border-gray-600 x:even:bg-gray-100 x:even:dark:bg-gray-600/20"}]
32:["$","tr",null,{"children":[["$","td",null,{"children":"402","className":"x:m-0 x:border x:border-gray-300 x:px-4 x:py-2 x:dark:border-gray-600"}],["$","td",null,{"children":["$","code",null,{"className":"nextra-code","dir":"ltr","children":"INSUFFICIENT_CREDITS"}],"className":"x:m-0 x:border x:border-gray-300 x:px-4 x:py-2 x:dark:border-gray-600"}],["$","td",null,{"children":"Not enough credits for this generation.","className":"x:m-0 x:border x:border-gray-300 x:px-4 x:py-2 x:dark:border-gray-600"}]],"className":"x:m-0 x:border-t x:border-gray-300 x:p-0 x:dark:border-gray-600 x:even:bg-gray-100 x:even:dark:bg-gray-600/20"}]
33:["$","tr",null,{"children":[["$","td",null,{"children":"403","className":"x:m-0 x:border x:border-gray-300 x:px-4 x:py-2 x:dark:border-gray-600"}],["$","td",null,{"children":["$","code",null,{"className":"nextra-code","dir":"ltr","children":"FORBIDDEN"}],"className":"x:m-0 x:border x:border-gray-300 x:px-4 x:py-2 x:dark:border-gray-600"}],["$","td",null,{"children":"Authenticated but not allowed.","className":"x:m-0 x:border x:border-gray-300 x:px-4 x:py-2 x:dark:border-gray-600"}]],"className":"x:m-0 x:border-t x:border-gray-300 x:p-0 x:dark:border-gray-600 x:even:bg-gray-100 x:even:dark:bg-gray-600/20"}]
34:["$","tr",null,{"children":[["$","td",null,{"children":"403","className":"x:m-0 x:border x:border-gray-300 x:px-4 x:py-2 x:dark:border-gray-600"}],["$","td",null,{"children":["$","code",null,{"className":"nextra-code","dir":"ltr","children":"INSUFFICIENT_PERMISSIONS"}],"className":"x:m-0 x:border x:border-gray-300 x:px-4 x:py-2 x:dark:border-gray-600"}],["$","td",null,{"children":["Plan lacks the required feature (e.g. ",["$","code",null,{"className":"nextra-code","dir":"ltr","children":"useApiKeys"}],", ",["$","code",null,{"className":"nextra-code","dir":"ltr","children":"batchGenerate"}],")."],"className":"x:m-0 x:border x:border-gray-300 x:px-4 x:py-2 x:dark:border-gray-600"}]],"className":"x:m-0 x:border-t x:border-gray-300 x:p-0 x:dark:border-gray-600 x:even:bg-gray-100 x:even:dark:bg-gray-600/20"}]
35:["$","tr",null,{"children":[["$","td",null,{"children":"404","className":"x:m-0 x:border x:border-gray-300 x:px-4 x:py-2 x:dark:border-gray-600"}],["$","td",null,{"children":["$","code",null,{"className":"nextra-code","dir":"ltr","children":"NOT_FOUND"}],"className":"x:m-0 x:border x:border-gray-300 x:px-4 x:py-2 x:dark:border-gray-600"}],["$","td",null,{"children":"Resource does not exist.","className":"x:m-0 x:border x:border-gray-300 x:px-4 x:py-2 x:dark:border-gray-600"}]],"className":"x:m-0 x:border-t x:border-gray-300 x:p-0 x:dark:border-gray-600 x:even:bg-gray-100 x:even:dark:bg-gray-600/20"}]
36:["$","tr",null,{"children":[["$","td",null,{"children":"404","className":"x:m-0 x:border x:border-gray-300 x:px-4 x:py-2 x:dark:border-gray-600"}],["$","td",null,{"children":["$","code",null,{"className":"nextra-code","dir":"ltr","children":"DESIGN_NOT_FOUND"}],"className":"x:m-0 x:border x:border-gray-300 x:px-4 x:py-2 x:dark:border-gray-600"}],["$","td",null,{"children":"No such design in the workspace.","className":"x:m-0 x:border x:border-gray-300 x:px-4 x:py-2 x:dark:border-gray-600"}]],"className":"x:m-0 x:border-t x:border-gray-300 x:p-0 x:dark:border-gray-600 x:even:bg-gray-100 x:even:dark:bg-gray-600/20"}]
37:["$","tr",null,{"children":[["$","td",null,{"children":"404","className":"x:m-0 x:border x:border-gray-300 x:px-4 x:py-2 x:dark:border-gray-600"}],["$","td",null,{"children":["$","code",null,{"className":"nextra-code","dir":"ltr","children":"PDF_NOT_FOUND"}],"className":"x:m-0 x:border x:border-gray-300 x:px-4 x:py-2 x:dark:border-gray-600"}],["$","td",null,{"children":"No such generated PDF / job output.","className":"x:m-0 x:border x:border-gray-300 x:px-4 x:py-2 x:dark:border-gray-600"}]],"className":"x:m-0 x:border-t x:border-gray-300 x:p-0 x:dark:border-gray-600 x:even:bg-gray-100 x:even:dark:bg-gray-600/20"}]
38:["$","tr",null,{"children":[["$","td",null,{"children":"409","className":"x:m-0 x:border x:border-gray-300 x:px-4 x:py-2 x:dark:border-gray-600"}],["$","td",null,{"children":["$","code",null,{"className":"nextra-code","dir":"ltr","children":"ALREADY_EXISTS"}],"className":"x:m-0 x:border x:border-gray-300 x:px-4 x:py-2 x:dark:border-gray-600"}],["$","td",null,{"children":"Resource conflict.","className":"x:m-0 x:border x:border-gray-300 x:px-4 x:py-2 x:dark:border-gray-600"}]],"className":"x:m-0 x:border-t x:border-gray-300 x:p-0 x:dark:border-gray-600 x:even:bg-gray-100 x:even:dark:bg-gray-600/20"}]
39:["$","tr",null,{"children":[["$","td",null,{"children":"409","className":"x:m-0 x:border x:border-gray-300 x:px-4 x:py-2 x:dark:border-gray-600"}],["$","td",null,{"children":["$","code",null,{"className":"nextra-code","dir":"ltr","children":"DUPLICATE_ENTRY"}],"className":"x:m-0 x:border x:border-gray-300 x:px-4 x:py-2 x:dark:border-gray-600"}],["$","td",null,{"children":"A unique constraint was violated.","className":"x:m-0 x:border x:border-gray-300 x:px-4 x:py-2 x:dark:border-gray-600"}]],"className":"x:m-0 x:border-t x:border-gray-300 x:p-0 x:dark:border-gray-600 x:even:bg-gray-100 x:even:dark:bg-gray-600/20"}]
3a:["$","tr",null,{"children":[["$","td",null,{"children":"500","className":"x:m-0 x:border x:border-gray-300 x:px-4 x:py-2 x:dark:border-gray-600"}],["$","td",null,{"children":["$","code",null,{"className":"nextra-code","dir":"ltr","children":"INTERNAL_ERROR"}],"className":"x:m-0 x:border x:border-gray-300 x:px-4 x:py-2 x:dark:border-gray-600"}],["$","td",null,{"children":"Unexpected server error.","className":"x:m-0 x:border x:border-gray-300 x:px-4 x:py-2 x:dark:border-gray-600"}]],"className":"x:m-0 x:border-t x:border-gray-300 x:p-0 x:dark:border-gray-600 x:even:bg-gray-100 x:even:dark:bg-gray-600/20"}]
3b:["$","tr",null,{"children":[["$","td",null,{"children":"500","className":"x:m-0 x:border x:border-gray-300 x:px-4 x:py-2 x:dark:border-gray-600"}],["$","td",null,{"children":["$","code",null,{"className":"nextra-code","dir":"ltr","children":"DATABASE_ERROR"}],"className":"x:m-0 x:border x:border-gray-300 x:px-4 x:py-2 x:dark:border-gray-600"}],["$","td",null,{"children":"Storage layer failed.","className":"x:m-0 x:border x:border-gray-300 x:px-4 x:py-2 x:dark:border-gray-600"}]],"className":"x:m-0 x:border-t x:border-gray-300 x:p-0 x:dark:border-gray-600 x:even:bg-gray-100 x:even:dark:bg-gray-600/20"}]
3c:["$","tr",null,{"children":[["$","td",null,{"children":"500","className":"x:m-0 x:border x:border-gray-300 x:px-4 x:py-2 x:dark:border-gray-600"}],["$","td",null,{"children":["$","code",null,{"className":"nextra-code","dir":"ltr","children":"S3_ERROR"}],"className":"x:m-0 x:border x:border-gray-300 x:px-4 x:py-2 x:dark:border-gray-600"}],["$","td",null,{"children":"Object storage failed.","className":"x:m-0 x:border x:border-gray-300 x:px-4 x:py-2 x:dark:border-gray-600"}]],"className":"x:m-0 x:border-t x:border-gray-300 x:p-0 x:dark:border-gray-600 x:even:bg-gray-100 x:even:dark:bg-gray-600/20"}]
b:[["$","meta","0",{"charSet":"utf-8"}],["$","meta","1",{"name":"viewport","content":"width=device-width, initial-scale=1"}]]
7:null
3d:I[622,[],"IconMark"]
9:{"metadata":[["$","title","0",{"children":"Errors – ImaginePDF Docs"}],["$","meta","1",{"name":"description","content":"The error envelope and the full table of error codes the ImaginePDF API returns."}],["$","meta","2",{"property":"og:title","content":"ImaginePDF Docs"}],["$","meta","3",{"property":"og:description","content":"Design business documents once in ImaginePDF, then generate them by the thousand — via the visual editor, the REST API, the hosted MCP server, or Claude Code."}],["$","meta","4",{"property":"og:url","content":"https://docs.imaginepdf.com"}],["$","meta","5",{"property":"og:site_name","content":"ImaginePDF Docs"}],["$","meta","6",{"property":"og:image","content":"https://docs.imaginepdf.com/brand/mark-512.png"}],["$","meta","7",{"property":"og:image:width","content":"512"}],["$","meta","8",{"property":"og:image:height","content":"512"}],["$","meta","9",{"property":"og:image:alt","content":"ImaginePDF"}],["$","meta","10",{"property":"og:type","content":"website"}],["$","meta","11",{"name":"twitter:card","content":"summary"}],["$","meta","12",{"name":"twitter:site","content":"@tryimaginepdf"}],["$","meta","13",{"name":"twitter:title","content":"ImaginePDF Docs"}],["$","meta","14",{"name":"twitter:description","content":"Design business documents once in ImaginePDF, then generate them by the thousand — via the visual editor, the REST API, the hosted MCP server, or Claude Code."}],["$","meta","15",{"name":"twitter:image","content":"https://docs.imaginepdf.com/brand/mark-512.png"}],["$","link","16",{"rel":"icon","href":"/icon.svg"}],["$","link","17",{"rel":"apple-touch-icon","href":"/brand/mark-512.png"}],["$","$L3d","18",{}]],"error":null,"digest":"$undefined"}
e:"$9:metadata"
